*** Building Astra Mobility 5G Core Fabric
*** Creating network
*** Adding controller
*** Adding hosts:
h1 h2 h3 h4 h5 h6 h7 h8 h9 
*** Adding switches:
s1 s2 s3 s4 s5 s6 
*** Adding links:
(100.00Mbit 1ms delay) *** Error: Warning: sch_htb: quantum of class 50001 is big. Consider r2q change.
(100.00Mbit 1ms delay) *** Error: Warning: sch_htb: quantum of class 50001 is big. Consider r2q change.
(h1, s2) (100.00Mbit 1ms delay) *** Error: Warning: sch_htb: quantum of class 50001 is big. Consider r2q change.
(100.00Mbit 1ms delay) *** Error: Warning: sch_htb: quantum of class 50001 is big. Consider r2q change.
(h2, s4) (100.00Mbit 1ms delay) *** Error: Warning: sch_htb: quantum of class 50001 is big. Consider r2q change.
(100.00Mbit 1ms delay) *** Error: Warning: sch_htb: quantum of class 50001 is big. Consider r2q change.
(h3, s5) (100.00Mbit 1ms delay) *** Error: Warning: sch_htb: quantum of class 50001 is big. Consider r2q change.
(100.00Mbit 1ms delay) *** Error: Warning: sch_htb: quantum of class 50001 is big. Consider r2q change.
(h4, s5) (100.00Mbit 1ms delay) *** Error: Warning: sch_htb: quantum of class 50001 is big. Consider r2q change.
(100.00Mbit 1ms delay) *** Error: Warning: sch_htb: quantum of class 50001 is big. Consider r2q change.
(h5, s5) (100.00Mbit 1ms delay) *** Error: Warning: sch_htb: quantum of class 50001 is big. Consider r2q change.
(100.00Mbit 1ms delay) *** Error: Warning: sch_htb: quantum of class 50001 is big. Consider r2q change.
(h6, s5) (100.00Mbit 1ms delay) *** Error: Warning: sch_htb: quantum of class 50001 is big. Consider r2q change.
(100.00Mbit 1ms delay) *** Error: Warning: sch_htb: quantum of class 50001 is big. Consider r2q change.
(h7, s6) (100.00Mbit 1ms delay) *** Error: Warning: sch_htb: quantum of class 50001 is big. Consider r2q change.
(100.00Mbit 1ms delay) *** Error: Warning: sch_htb: quantum of class 50001 is big. Consider r2q change.
(h8, s6) (100.00Mbit 1ms delay) *** Error: Warning: sch_htb: quantum of class 50001 is big. Consider r2q change.
(100.00Mbit 1ms delay) *** Error: Warning: sch_htb: quantum of class 50001 is big. Consider r2q change.
(h9, s6) (10.00Mbit 2ms delay) (10.00Mbit 2ms delay) (s1, s2) (10.00Mbit 2ms delay) (10.00Mbit 2ms delay) (s2, s3) (10.00Mbit 2ms delay) (10.00Mbit 2ms delay) (s3, s4) (10.00Mbit 2ms delay) (10.00Mbit 2ms delay) (s4, s1) (10.00Mbit 1ms delay) (10.00Mbit 1ms delay) (s5, s1) (10.00Mbit 1ms delay) (10.00Mbit 1ms delay) (s6, s3) 
*** Configuring hosts
h1 h2 h3 h4 h5 h6 h7 h8 h9 
*** Starting controller
c0 
*** Starting 6 switches
s1 s2 s3 s4 s5 s6 ...(10.00Mbit 2ms delay) (10.00Mbit 2ms delay) (10.00Mbit 1ms delay) (100.00Mbit 1ms delay) *** Error: Warning: sch_htb: quantum of class 50001 is big. Consider r2q change.
(10.00Mbit 2ms delay) (10.00Mbit 2ms delay) (10.00Mbit 2ms delay) (10.00Mbit 2ms delay) (10.00Mbit 1ms delay) (100.00Mbit 1ms delay) *** Error: Warning: sch_htb: quantum of class 50001 is big. Consider r2q change.
(10.00Mbit 2ms delay) (10.00Mbit 2ms delay) (100.00Mbit 1ms delay) *** Error: Warning: sch_htb: quantum of class 50001 is big. Consider r2q change.
(100.00Mbit 1ms delay) *** Error: Warning: sch_htb: quantum of class 50001 is big. Consider r2q change.
(100.00Mbit 1ms delay) *** Error: Warning: sch_htb: quantum of class 50001 is big. Consider r2q change.
(100.00Mbit 1ms delay) *** Error: Warning: sch_htb: quantum of class 50001 is big. Consider r2q change.
(10.00Mbit 1ms delay) (100.00Mbit 1ms delay) *** Error: Warning: sch_htb: quantum of class 50001 is big. Consider r2q change.
(100.00Mbit 1ms delay) *** Error: Warning: sch_htb: quantum of class 50001 is big. Consider r2q change.
(100.00Mbit 1ms delay) *** Error: Warning: sch_htb: quantum of class 50001 is big. Consider r2q change.
(10.00Mbit 1ms delay) 

*** Enabling STP on all switches to prevent ring loops...

*** DPID check:
  s1: ovs-ofctl: unknown command 'get-config'; use --help for help

  s2: ovs-ofctl: unknown command 'get-config'; use --help for help

  s3: ovs-ofctl: unknown command 'get-config'; use --help for help

  s4: ovs-ofctl: unknown command 'get-config'; use --help for help

  s5: ovs-ofctl: unknown command 'get-config'; use --help for help

  s6: ovs-ofctl: unknown command 'get-config'; use --help for help

